// Jest Snapshot v1, https://goo.gl/fbAQLP

exports[`App Render 1`] = `ShallowWrapper {}`;
