// Jest Snapshot v1, https://goo.gl/fbAQLP

exports[`Gift should render screen 1`] = `ShallowWrapper {}`;
